
> frontend@1.0.0 build
> tsc && node node_modules/vite/bin/vite.js build

node.exe : 'A' is not 
recognized as an 
internal or external 
command,
At line:1 char:1
+ & "C:\Program Files\
nodejs/node.exe" 
"C:\Program 
Files\nodejs/node_mo 
...
+ ~~~~~~~~~~~~~~~~~~~~
~~~~~~~~~~~~~~~~~~~~~~
~~~~~~~~~~~~~~~~~~~~~~
~~~~~
    + CategoryInfo    
          : NotSpeci  
  fied: ('A' is not   
  reco...ternal co    
mmand,:String) []    
, RemoteException
    + FullyQualifiedE 
   rrorId : NativeCo  
  mmandError
 
operable program or 
batch file.
node:internal/modules/
cjs/loader:1386
  throw err;
  ^

Error: Cannot find 
module 'C:\Users\HudaG
oian\Documents\Coopera
te Development\typescr
ipt\bin\tsc'
    at Function._resol
veFilename (node:inter
nal/modules/cjs/loader
:1383:15)
    at 
defaultResolveImpl (no
de:internal/modules/cj
s/loader:1025:19)
    at resolveForCJSWi
thHooks (node:internal
/modules/cjs/loader:10
30:22)
    at Function._load 
(node:internal/modules
/cjs/loader:1192:37)
    at TracingChannel.
traceSync (node:diagno
stics_channel:328:14)
    at wrapModuleLoad 
(node:internal/modules
/cjs/loader:237:24)
    at Function.execut
eUserEntryPoint [as 
runMain] (node:interna
l/modules/run_main:171
:5)
    at node:internal/m
ain/run_main_module:36
:49 {
  code: 
'MODULE_NOT_FOUND',
  requireStack: []
}

Node.js v22.21.0
